// Jest Snapshot v1, https://goo.gl/fbAQLP

exports[`rendering 1`] = `
<div>
  <Head
    excerpt=""
    image=""
    path=""
    site={
      Object {
        "siteMetadata": Object {
          "author": "author",
          "description": "description",
          "facebookAppId": "facebookAppId",
          "siteUrl": "siteUrl",
          "social": Object {
            "githubUrl": "githubUrl",
            "keybaseUrl": "keybaseUrl",
            "linkedInUrl": "linkedInUrl",
            "twitterUrl": "twitterUrl",
          },
          "title": "title",
          "twitterUser": "twitterUser",
        },
      }
    }
    title=""
  />
  <IndexPage
    coverImageSizes={
      Object {
        "sizes": "something",
      }
    }
    posts={Array []}
  />
</div>
`;
