// Jest Snapshot v1, https://goo.gl/fbAQLP

exports[`rendering 1`] = `
<div>
  <h1>
    title
  </h1>
  <div
    dangerouslySetInnerHTML={
      Object {
        "__html": "<div>hello</div>",
      }
    }
  />
  <styled.div>
    <styled.a
      href="githubUrl"
      rel="noopener noreferrer"
      target="_blank"
    >
      <GithubIcon />
    </styled.a>
    <styled.a
      href="keybaseUrl"
      rel="noopener noreferrer"
      target="_blank"
    >
      <KeybaseIcon />
    </styled.a>
    <styled.a
      href="twitterUrl"
      rel="noopener noreferrer"
      target="_blank"
    >
      <TwitterIcon />
    </styled.a>
    <styled.a
      href="linkedInUrl"
      rel="noopener noreferrer"
      target="_blank"
    >
      <LinkedIn />
    </styled.a>
  </styled.div>
</div>
`;
