// Jest Snapshot v1, https://goo.gl/fbAQLP

exports[`rendering 1`] = `
<div>
  <styled.h1>
    title
  </styled.h1>
  <Styled(Image)
    alt="title"
    sizes={
      Object {
        "sizes": "something",
      }
    }
  />
  <div
    dangerouslySetInnerHTML={
      Object {
        "__html": "<div>hello</div>",
      }
    }
  />
  <styled.div>
    <styled.a
      href="githubUrl"
      rel="noopener noreferrer"
      target="_blank"
      title="My GitHub Profile"
    >
      <GithubIcon
        enlargeOnMobile={true}
      />
    </styled.a>
    <styled.a
      href="keybaseUrl"
      rel="noopener noreferrer"
      target="_blank"
      title="My Keybase Profile"
    >
      <KeybaseIcon
        enlargeOnMobile={true}
      />
    </styled.a>
    <styled.a
      href="twitterUrl"
      rel="noopener noreferrer"
      target="_blank"
      title="My Twitter Profile"
    >
      <TwitterIcon
        enlargeOnMobile={true}
      />
    </styled.a>
    <styled.a
      href="linkedInUrl"
      rel="noopener noreferrer"
      target="_blank"
      title="My LinkedIn Profile"
    >
      <LinkedIn
        enlargeOnMobile={true}
      />
    </styled.a>
  </styled.div>
</div>
`;
