// Jest Snapshot v1, https://goo.gl/fbAQLP

exports[`rendering 1`] = `
<styled.footer>
  <styled.span>
    <span
      aria-label="Copyright"
      role="img"
    >
      ©
    </span>
     
    Jia Hao Goh
  </styled.span>
  <styled.a
    href="/rss.xml"
    rel="noopener"
    target="_blank"
    title="RSS Feed"
  >
    <RSS
      width="16px"
    />
  </styled.a>
  <styled.a
    href="https://github.com/jiahaog/jiahao.codes"
    rel="noopener"
    target="_blank"
    title="Source code for this website"
  >
    <GithubIcon
      width="20px"
    />
  </styled.a>
</styled.footer>
`;
