// Jest Snapshot v1, https://goo.gl/fbAQLP

exports[`rendering 1`] = `
<div>
  <Head
    excerpt="excerpt"
    image=""
    path="path"
    site={
      Object {
        "siteMetadata": Object {
          "author": "author",
          "description": "description",
          "facebookAppId": "facebookAppId",
          "siteUrl": "siteUrl",
          "social": Object {
            "githubUrl": "githubUrl",
            "keybaseUrl": "keybaseUrl",
            "linkedInUrl": "linkedInUrl",
            "twitterUrl": "twitterUrl",
          },
          "title": "title",
          "twitterUser": "twitterUser",
        },
      }
    }
    title="title"
  />
  <Post
    coverImageSizes={
      Object {
        "sizes": "something",
      }
    }
    date="date"
    excerpt="excerpt"
    html="<div>some content</div>"
    title="title"
  />
</div>
`;
